[backblue.gif]
[fade.gif]
[index.html]
[mamoot-themes.com/theme-preview/z-theme-1-2/assets/images/favicon.ico]
[netdna.bootstrapcdn.com/font-awesome/4.2.0/css/font-awesome.min.css]
[mamoot-themes.com/theme-preview/z-theme-1-2/assets/images/general/imac.png]
[mamoot-themes.com/theme-preview/z-theme-1-2/assets/images/shop/asus-3.jpg]
[mamoot-themes.com/theme-preview/z-theme-1-2/assets/images/shop/lenovo.jpg]
[mamoot-themes.com/theme-preview/z-theme-1-2/assets/images/logo/logo-default.png]
[mamoot-themes.com/theme-preview/z-theme-1-2/assets/images/placeholder/80x80.gif]
[mamoot-themes.com/theme-preview/z-theme-1-2/assets/images/portfolio/2.png]
[mamoot-themes.com/theme-preview/z-theme-1-2/assets/images/portfolio/1.png]
[mamoot-themes.com/theme-preview/z-theme-1-2/assets/images/portfolio/3.png]
[mamoot-themes.com/theme-preview/z-theme-1-2/assets/images/portfolio/4.png]
[mamoot-themes.com/theme-preview/z-theme-1-2/assets/images/portfolio/5.jpg]
[mamoot-themes.com/theme-preview/z-theme-1-2/assets/images/portfolio/7.png]
[mamoot-themes.com/theme-preview/z-theme-1-2/assets/images/general/12.png]
[mamoot-themes.com/theme-preview/z-theme-1-2/assets/images/general/imacs.png]
[mamoot-themes.com/theme-preview/z-theme-1-2/assets/images/macbook-slider/macbook-mockup.png]
[mamoot-themes.com/theme-preview/z-theme-1-2/assets/images/portfolio/lightbox.gif]
[mamoot-themes.com/theme-preview/z-theme-1-2/assets/images/clients/toshiba.png]
[mamoot-themes.com/theme-preview/z-theme-1-2/assets/images/clients/lenovo.png]
[mamoot-themes.com/theme-preview/z-theme-1-2/assets/images/clients/nokia.png]
[mamoot-themes.com/theme-preview/z-theme-1-2/assets/images/clients/amd.png]
[mamoot-themes.com/theme-preview/z-theme-1-2/assets/images/general/ceo-full.png]
[mamoot-themes.com/theme-preview/z-theme-1-2/assets/images/logo/logo-footer.png]
[ajax.googleapis.com/ajax/libs/jquery/1.11.3/jquery.min.js]
[www.google-analytics.com/analytics.js]
[mamoot-themes.com/theme-preview/z-theme-1-2/index.html]
[mamoot-themes.com/theme-preview/z-theme-1-2/assets/js/page/carousel-preload.js]
[mamoot-themes.com/theme-preview/z-theme-1-2/fonts/glyphicons-halflings-regular.eot]
[mamoot-themes.com/theme-preview/z-theme-1-2/fonts/glyphicons-halflings-regular.woff2]
[mamoot-themes.com/theme-preview/z-theme-1-2/fonts/glyphicons-halflings-regulard41d.eot]
[mamoot-themes.com/theme-preview/z-theme-1-2/fonts/glyphicons-halflings-regular.woff]
[mamoot-themes.com/theme-preview/z-theme-1-2/fonts/glyphicons-halflings-regular.ttf]
[mamoot-themes.com/theme-preview/z-theme-1-2/css/bootstrap.min.css]
[netdna.bootstrapcdn.com/font-awesome/4.2.0/css/font-awesome.min.css]
[mamoot-themes.com/theme-preview/z-theme-1-2/assets/css/magnific-popup.css]
[mamoot-themes.com/theme-preview/z-theme-1-2/assets/images/owl-carousel/grabbing.png]
[mamoot-themes.com/theme-preview/z-theme-1-2/assets/css/owl.carousel.css]
[mamoot-themes.com/theme-preview/z-theme-1-2/assets/images/owl-carousel/AjaxLoader.gif]
[mamoot-themes.com/theme-preview/z-theme-1-2/assets/css/owl.theme.css]
[mamoot-themes.com/theme-preview/z-theme-1-2/assets/css/carousel-animate.css]
[mamoot-themes.com/theme-preview/z-theme-1-2/assets/images/bg/boxed-bg.png]
[mamoot-themes.com/theme-preview/z-theme-1-2/assets/images/bg/bg-mac-grey.jpg]
[mamoot-themes.com/theme-preview/z-theme-1-2/assets/images/bg/polygonal.png]
[mamoot-themes.com/theme-preview/z-theme-1-2/assets/images/bg/bg-11.jpg]
[mamoot-themes.com/theme-preview/z-theme-1-2/assets/images/bg/bg-8.jpg]
[mamoot-themes.com/theme-preview/z-theme-1-2/assets/images/bg/bg-7.jpg]
[mamoot-themes.com/theme-preview/z-theme-1-2/assets/images/bg/bg-3.jpg]
[mamoot-themes.com/theme-preview/z-theme-1-2/style-switcher/color-sprite.png]
[mamoot-themes.com/theme-preview/z-theme-1-2/assets/css/theme.css]
[mamoot-themes.com/theme-preview/z-theme-1-2/index-2.html]
[mamoot-themes.com/theme-preview/z-theme-1-2/assets/images/logo/logo-inverse.png]
[mamoot-themes.com/theme-preview/z-theme-1-2/home-bg-slider.html]
[mamoot-themes.com/theme-preview/z-theme-1-2/assets/video/ocean.jpg]
[mamoot-themes.com/theme-preview/z-theme-1-2/assets/video/ocean.webm]
[mamoot-themes.com/theme-preview/z-theme-1-2/assets/video/ocean.mp4]
[mamoot-themes.com/theme-preview/z-theme-1-2/home-video-bg.html]
[mamoot-themes.com/theme-preview/z-theme-1-2/assets/images/general/1280x720.png]
[mamoot-themes.com/theme-preview/z-theme-1-2/home-browser-slider.html]
[mamoot-themes.com/theme-preview/z-theme-1-2/assets/images/macbook-slider/slide-3.png]
[mamoot-themes.com/theme-preview/z-theme-1-2/assets/images/macbook-slider/slide-2.png]
[mamoot-themes.com/theme-preview/z-theme-1-2/assets/images/macbook-slider/slide-1.png]
[mamoot-themes.com/theme-preview/z-theme-1-2/home-macbook-slider.html]
[mamoot-themes.com/theme-preview/z-theme-1-2/home-filterable-portfolio.html]
[mamoot-themes.com/theme-preview/z-theme-1-2/assets/images/app/appstore-2x.png]
[mamoot-themes.com/theme-preview/z-theme-1-2/assets/images/app/amazon-store-2x.png]
[mamoot-themes.com/theme-preview/z-theme-1-2/assets/images/app/iphone-black.png]
[mamoot-themes.com/theme-preview/z-theme-1-2/assets/images/app/750x1334.png]
[mamoot-themes.com/theme-preview/z-theme-1-2/home-application.html]
[mamoot-themes.com/theme-preview/z-theme-1-2/assets/images/general/creative-person.png]
[mamoot-themes.com/theme-preview/z-theme-1-2/home-personal-portfolio.html]
[mamoot-themes.com/theme-preview/z-theme-1-2/home-personal-portfolio-option-2.html]
[mamoot-themes.com/theme-preview/z-theme-1-2/assets/images/shop/customer-service.jpg]
[mamoot-themes.com/theme-preview/z-theme-1-2/assets/images/general/testimonial-3.jpg]
[mamoot-themes.com/theme-preview/z-theme-1-2/assets/images/general/testimonial-2.jpg]
[mamoot-themes.com/theme-preview/z-theme-1-2/assets/images/general/testimonial-1.jpg]
[mamoot-themes.com/theme-preview/z-theme-1-2/assets/images/team/team-1.jpg]
[mamoot-themes.com/theme-preview/z-theme-1-2/assets/images/team/team-2.jpg]
[mamoot-themes.com/theme-preview/z-theme-1-2/assets/images/team/team-3.png]
[mamoot-themes.com/theme-preview/z-theme-1-2/assets/images/team/team-4.jpg]
[cdnjs.cloudflare.com/ajax/libs/jquery.form/3.51/jquery.form.min.js]
[mamoot-themes.com/theme-preview/z-theme-1-2/home-one-page.html]
[mamoot-themes.com/theme-preview/z-theme-1-2/assets/images/photographer/portfolio/1.jpg]
[cdnjs.cloudflare.com/ajax/libs/jquery-validate/1.14.0/jquery.validate.min.js]
[mamoot-themes.com/theme-preview/z-theme-1-2/assets/images/photographer/portfolio/2.jpg]
[mamoot-themes.com/theme-preview/z-theme-1-2/assets/images/photographer/portfolio/3.jpg]
[mamoot-themes.com/theme-preview/z-theme-1-2/assets/images/photographer/portfolio/4.jpg]
[mamoot-themes.com/theme-preview/z-theme-1-2/assets/images/photographer/portfolio/5.jpg]
[mamoot-themes.com/theme-preview/z-theme-1-2/assets/images/photographer/portfolio/6.jpg]
[mamoot-themes.com/theme-preview/z-theme-1-2/home-photographer.html]
[mamoot-themes.com/theme-preview/z-theme-1-2/assets/images/general/office-1.jpg]
[mamoot-themes.com/theme-preview/z-theme-1-2/assets/images/general/office-2.jpg]
[mamoot-themes.com/theme-preview/z-theme-1-2/assets/images/general/700x400.gif]
[mamoot-themes.com/theme-preview/z-theme-1-2/assets/images/clients/samsung.png]
[mamoot-themes.com/theme-preview/z-theme-1-2/assets/images/clients/intel.png]
[mamoot-themes.com/theme-preview/z-theme-1-2/about-us-option-1.html]
[mamoot-themes.com/theme-preview/z-theme-1-2/about-us-option-2.html]
[mamoot-themes.com/theme-preview/z-theme-1-2/services-option-1.html]
[mamoot-themes.com/theme-preview/z-theme-1-2/services-option-2.html]
[mamoot-themes.com/theme-preview/z-theme-1-2/contact-us-option-1.html]
[mamoot-themes.com/theme-preview/z-theme-1-2/contact-us-option-2.html]
[mamoot-themes.com/theme-preview/z-theme-1-2/contact-us-option-3.html]
[mamoot-themes.com/theme-preview/z-theme-1-2/contact-us-option-4.html]
[mamoot-themes.com/theme-preview/z-theme-1-2/register-option-1.html]
[mamoot-themes.com/theme-preview/z-theme-1-2/login-option-1.html]
[mamoot-themes.com/theme-preview/z-theme-1-2/register-login-option-1.html]
[mamoot-themes.com/theme-preview/z-theme-1-2/register-option-2.html]
[mamoot-themes.com/theme-preview/z-theme-1-2/login-option-2.html]
[mamoot-themes.com/theme-preview/z-theme-1-2/register-login-option-2.html]
[mamoot-themes.com/theme-preview/z-theme-1-2/coming-soon-option-1.html]
[mamoot-themes.com/theme-preview/z-theme-1-2/coming-soon-option-2.html]
[mamoot-themes.com/theme-preview/z-theme-1-2/timeline.html]
[mamoot-themes.com/theme-preview/z-theme-1-2/assets/images/general/5.jpg]
[mamoot-themes.com/theme-preview/z-theme-1-2/assets/images/general/blog-3.jpg]
[mamoot-themes.com/theme-preview/z-theme-1-2/assets/images/general/blog-4.jpg]
[mamoot-themes.com/theme-preview/z-theme-1-2/timeline-center.html]
[mamoot-themes.com/theme-preview/z-theme-1-2/404-option-1.html]
[mamoot-themes.com/theme-preview/z-theme-1-2/404-option-2.html]
[mamoot-themes.com/theme-preview/z-theme-1-2/404-option-3.html]
[mamoot-themes.com/theme-preview/z-theme-1-2/pricetables.html]
[mamoot-themes.com/theme-preview/z-theme-1-2/faq.html]
[mamoot-themes.com/theme-preview/z-theme-1-2/feature-icon-box.html]
[mamoot-themes.com/theme-preview/z-theme-1-2/feature-general-typography.html]
[mamoot-themes.com/theme-preview/z-theme-1-2/assets/images/placeholder/1050x750.png]
[mamoot-themes.com/theme-preview/z-theme-1-2/feature-content-box.html]
[mamoot-themes.com/theme-preview/z-theme-1-2/feature-primary-button.html]
[mamoot-themes.com/theme-preview/z-theme-1-2/feature-accordion.html]
[mamoot-themes.com/theme-preview/z-theme-1-2/feature-tab.html]
[mamoot-themes.com/theme-preview/z-theme-1-2/feature-panel.html]
[mamoot-themes.com/theme-preview/z-theme-1-2/feature-form.html]
[mamoot-themes.com/theme-preview/z-theme-1-2/feature-counter.html]
[mamoot-themes.com/theme-preview/z-theme-1-2/assets/images/macbook-slider/1440x900.gif]
[mamoot-themes.com/theme-preview/z-theme-1-2/assets/images/portfolio/800x600.gif]
[mamoot-themes.com/theme-preview/z-theme-1-2/assets/images/placeholder/800x600.gif]
[mamoot-themes.com/theme-preview/z-theme-1-2/assets/images/placeholder/700x250.gif]
[mamoot-themes.com/theme-preview/z-theme-1-2/assets/images/placeholder/80x60.gif]
[mamoot-themes.com/theme-preview/z-theme-1-2/feature-slider.html]
[mamoot-themes.com/theme-preview/z-theme-1-2/feature-callout.html]
[mamoot-themes.com/theme-preview/z-theme-1-2/navbar-fixed-inverse.html]
[mamoot-themes.com/theme-preview/z-theme-1-2/navbar-fixed-default-menu-top.html]
[mamoot-themes.com/theme-preview/z-theme-1-2/navbar-fixed-inverse-menu-top.html]
[mamoot-themes.com/theme-preview/z-theme-1-2/navbar-transparent.html]
[mamoot-themes.com/theme-preview/z-theme-1-2/assets/images/shop/shop-1.png]
[mamoot-themes.com/theme-preview/z-theme-1-2/assets/images/shop/shop-3.png]
[mamoot-themes.com/theme-preview/z-theme-1-2/assets/images/shop/shop-5.png]
[mamoot-themes.com/theme-preview/z-theme-1-2/assets/images/shop/shop-item-2.jpg]
[mamoot-themes.com/theme-preview/z-theme-1-2/assets/images/shop/shop-item-3.jpg]
[mamoot-themes.com/theme-preview/z-theme-1-2/assets/images/shop/shop-item-7.jpg]
[mamoot-themes.com/theme-preview/z-theme-1-2/assets/images/shop/shop-item-1.jpg]
[mamoot-themes.com/theme-preview/z-theme-1-2/assets/images/shop/shop-item-5.jpg]
[mamoot-themes.com/theme-preview/z-theme-1-2/assets/images/shop/shop-item-6.jpg]
[mamoot-themes.com/theme-preview/z-theme-1-2/assets/images/shop/shop-item-8.jpg]
[mamoot-themes.com/theme-preview/z-theme-1-2/assets/images/shop/deal.png]
[mamoot-themes.com/theme-preview/z-theme-1-2/shop.html]
[mamoot-themes.com/theme-preview/z-theme-1-2/assets/images/shop/shop-item-4.jpg]
[mamoot-themes.com/theme-preview/z-theme-1-2/assets/images/shop/shop-item-9.jpg]
[mamoot-themes.com/theme-preview/z-theme-1-2/shop-sidebar.html]
[mamoot-themes.com/theme-preview/z-theme-1-2/assets/images/shop/shop-item/shop-single-item-1.jpg]
[mamoot-themes.com/theme-preview/z-theme-1-2/assets/images/shop/shop-item/shop-single-item-2.jpg]
[mamoot-themes.com/theme-preview/z-theme-1-2/assets/images/shop/shop-item/shop-single-item-3.jpg]
[mamoot-themes.com/theme-preview/z-theme-1-2/assets/images/shop/shop-item/shop-single-item-4.jpg]
[mamoot-themes.com/theme-preview/z-theme-1-2/assets/images/shop/shop-item/shop-single-item-5.jpg]
[mamoot-themes.com/theme-preview/z-theme-1-2/shop-item.html]
[mamoot-themes.com/theme-preview/z-theme-1-2/assets/images/shop/paypal.gif]
[mamoot-themes.com/theme-preview/z-theme-1-2/shop-cart.html]
[mamoot-themes.com/theme-preview/z-theme-1-2/blog-right-sidebar.html]
[mamoot-themes.com/theme-preview/z-theme-1-2/blog-left-sidebar.html]
[mamoot-themes.com/theme-preview/z-theme-1-2/blog-bg-intro.html]
[mamoot-themes.com/theme-preview/z-theme-1-2/assets/images/placeholder/64x64.gif]
[mamoot-themes.com/theme-preview/z-theme-1-2/blog-post-option-1.html]
[mamoot-themes.com/theme-preview/z-theme-1-2/blog-post-option-2.html]
[mamoot-themes.com/theme-preview/z-theme-1-2/portfolio-item.html]
[mamoot-themes.com/theme-preview/z-theme-1-2/portfolio-4-column.html]
[mamoot-themes.com/theme-preview/z-theme-1-2/portfolio-3-column.html]
[mamoot-themes.com/theme-preview/z-theme-1-2/portfolio-2-column.html]
[mamoot-themes.com/theme-preview/z-theme-1-2/portfolio-fluid-full-4-column.html]
[mamoot-themes.com/theme-preview/z-theme-1-2/portfolio-fluid-full-3-column.html]
[mamoot-themes.com/theme-preview/z-theme-1-2/assets/images/photographer/portfolio/9.jpg]
[mamoot-themes.com/theme-preview/z-theme-1-2/assets/images/photographer/portfolio/12.jpg]
[mamoot-themes.com/theme-preview/z-theme-1-2/assets/images/photographer/portfolio/11.jpg]
[mamoot-themes.com/theme-preview/z-theme-1-2/assets/images/photographer/portfolio/13.jpg]
[mamoot-themes.com/theme-preview/z-theme-1-2/assets/images/photographer/portfolio/14.jpg]
[mamoot-themes.com/theme-preview/z-theme-1-2/assets/images/photographer/portfolio/10.jpg]
[mamoot-themes.com/theme-preview/z-theme-1-2/portfolio-fluid-full-2-column.html]
[mamoot-themes.com/theme-preview/z-theme-1-2/portfolio-fluid-4-column.html]
[mamoot-themes.com/theme-preview/z-theme-1-2/portfolio-fluid-3-column.html]
[mamoot-themes.com/theme-preview/z-theme-1-2/portfolio-fluid-2-column.html]
[mamoot-themes.com/theme-preview/z-theme-1-2/assets/js/page/page.navbar-fixed-shrinked.js]
[mamoot-themes.com/theme-preview/z-theme-1-2/js/bootstrap.min.js]
[mamoot-themes.com/theme-preview/z-theme-1-2/assets/js/owl.carousel.js]
[mamoot-themes.com/theme-preview/z-theme-1-2/assets/js/jquery.magnific-popup.js]
[mamoot-themes.com/theme-preview/z-theme-1-2/assets/js/jquery.waypoints.js]
[mamoot-themes.com/theme-preview/z-theme-1-2/assets/js/jquery.countTo.js]
[mamoot-themes.com/theme-preview/z-theme-1-2/assets/js/page/theme.js]
[mamoot-themes.com/theme-preview/z-theme-1-2/assets/js/page/page.home.js]
[mamoot-themes.com/theme-preview/z-theme-1-2/style-switcher/style-switcher.js]
[mamoot-themes.com/theme-preview/z-theme-1-2/fonts/glyphicons-halflings-regular.svg]
[mamoot-themes.com/theme-preview/z-theme-1-2/assets/js/page/page.navbar-transparent-fixed-shrinked.js]
[mamoot-themes.com/theme-preview/z-theme-1-2/assets/js/page/page.home-video-bg.js]
[mamoot-themes.com/theme-preview/z-theme-1-2/assets/css/video-bg.css]
[mamoot-themes.com/theme-preview/z-theme-1-2/assets/js/page/page.home-macbook-slider.js]
[mamoot-themes.com/theme-preview/z-theme-1-2/assets/js/jquery.mixitup.js]
[mamoot-themes.com/theme-preview/z-theme-1-2/assets/js/page/page.home-filterable-portfolio.js]
[mamoot-themes.com/theme-preview/z-theme-1-2/assets/js/page/page.app.js]
[mamoot-themes.com/theme-preview/z-theme-1-2/assets/js/page/page.personal-home.js]
[mamoot-themes.com/theme-preview/z-theme-1-2/assets/js/jquery.knob.js]
[mamoot-themes.com/theme-preview/z-theme-1-2/assets/js/page/page.home-personal-option-2.js]
[mamoot-themes.com/theme-preview/z-theme-1-2/assets/js/jRespond.js]
[mamoot-themes.com/theme-preview/z-theme-1-2/assets/js/smooth-scroll.js]
[mamoot-themes.com/theme-preview/z-theme-1-2/assets/js/page/page.navbar-one-page.js]
[mamoot-themes.com/theme-preview/z-theme-1-2/assets/js/page/page.home-transparent-header.js]
[mamoot-themes.com/theme-preview/z-theme-1-2/assets/css/photographer.css]
[mamoot-themes.com/theme-preview/z-theme-1-2/assets/js/jquery.fittext.js]
[mamoot-themes.com/theme-preview/z-theme-1-2/assets/js/jquery.backstretch.js]
[mamoot-themes.com/theme-preview/z-theme-1-2/assets/images/photographer/backstretch/1.jpg]
[mamoot-themes.com/theme-preview/z-theme-1-2/assets/images/photographer/backstretch/2.jpg]
[mamoot-themes.com/theme-preview/z-theme-1-2/assets/images/photographer/backstretch/3.jpg]
[mamoot-themes.com/theme-preview/z-theme-1-2/assets/js/page/page.photographer.js]
[mamoot-themes.com/theme-preview/z-theme-1-2/assets/js/page/page.about-us-option-1.js]
[mamoot-themes.com/theme-preview/z-theme-1-2/assets/js/page/page.about-us-option-2.js]
[mamoot-themes.com/theme-preview/z-theme-1-2/assets/js/page/page.services-option-2.js]
[mamoot-themes.com/theme-preview/z-theme-1-2/assets/js/page/page.contact.js]
[mamoot-themes.com/theme-preview/z-theme-1-2/assets/css/coming-soon-404.css]
[mamoot-themes.com/theme-preview/z-theme-1-2/assets/js/jquery.countdown.js]
[mamoot-themes.com/theme-preview/z-theme-1-2/assets/images/bg/bg-4.jpg]
[mamoot-themes.com/theme-preview/z-theme-1-2/assets/images/bg/bg-5.jpg]
[mamoot-themes.com/theme-preview/z-theme-1-2/assets/js/page/page.coming-soon-bg.js]
[mamoot-themes.com/theme-preview/z-theme-1-2/assets/js/page/page.coming-soon.js]
[mamoot-themes.com/theme-preview/z-theme-1-2/assets/js/page/page.faq.html]
[mamoot-themes.com/theme-preview/z-theme-1-2/assets/images/bg/blur-2.jpg]
[mamoot-themes.com/theme-preview/z-theme-1-2/assets/images/bg/blur-3.jpg]
[mamoot-themes.com/theme-preview/z-theme-1-2/assets/images/bg/blur-4.jpg]
[mamoot-themes.com/theme-preview/z-theme-1-2/assets/js/page/page.404.js]
[mamoot-themes.com/theme-preview/z-theme-1-2/assets/css/prettify.css]
[mamoot-themes.com/theme-preview/z-theme-1-2/feature-icon-style.html]
[mamoot-themes.com/theme-preview/z-theme-1-2/feature-social-icon.html]
[mamoot-themes.com/theme-preview/z-theme-1-2/feature-font-awesome-icon.html]
[mamoot-themes.com/theme-preview/z-theme-1-2/feature-glyphicon.html]
[mamoot-themes.com/theme-preview/z-theme-1-2/feature-heading.html]
[mamoot-themes.com/theme-preview/z-theme-1-2/feature-divider.html]
[mamoot-themes.com/theme-preview/z-theme-1-2/feature-table.html]
[mamoot-themes.com/theme-preview/z-theme-1-2/feature-blockquote.html]
[mamoot-themes.com/theme-preview/z-theme-1-2/assets/images/shop/500x500.png]
[mamoot-themes.com/theme-preview/z-theme-1-2/feature-shop-box.html]
[mamoot-themes.com/theme-preview/z-theme-1-2/feature-rounded-button.html]
[mamoot-themes.com/theme-preview/z-theme-1-2/feature-ghost-button.html]
[mamoot-themes.com/theme-preview/z-theme-1-2/feature-button-size.html]
[mamoot-themes.com/theme-preview/z-theme-1-2/feature-button-dropdown.html]
[mamoot-themes.com/theme-preview/z-theme-1-2/feature-accordion-bordered.html]
[mamoot-themes.com/theme-preview/z-theme-1-2/feature-accordion-sidebar-style.html]
[mamoot-themes.com/theme-preview/z-theme-1-2/assets/js/prettify.js]
[mamoot-themes.com/theme-preview/z-theme-1-2/assets/js/page/feature-page.js]
[mamoot-themes.com/theme-preview/z-theme-1-2/assets/js/jquery.bxslider.js]
[mamoot-themes.com/theme-preview/z-theme-1-2/assets/js/page/page.shop-sidebar-and-item.js]
[mamoot-themes.com/theme-preview/z-theme-1-2/assets/js/page/page.portfolio-item.js]
[mamoot-themes.com/theme-preview/z-theme-1-2/assets/js/page/page.portfolio.js]
[mamoot-themes.com/theme-preview/z-theme-1-2/Popover requires tooltip.html]
